// 重构日志: 3d1f08cc
// 重构日志: 45de081c
// 重构日志: b0564212
// 重构日志: 305fe87d
// 重构日志: 13ce5601
// 重构日志: f7fa8ddf
// 同步 ID: 9abc7b8d @ Fri Jul 17 00:11:16 UTC 2026
// 同步 ID: aef72bef @ Sat Jul 18 08:42:27 UTC 2026
// 同步 ID: a8276f63 @ Sat Jul 18 10:19:41 UTC 2026
// 重构日志: 5a8fb145
// 同步 ID: 80f06a90 @ Sat Jul 18 21:43:03 UTC 2026
// 同步 ID: d96628bb @ Sun Jul 19 07:19:26 UTC 2026
// 同步 ID: 681c6fcf @ Sun Jul 19 10:42:45 UTC 2026
// 重构日志: ecdbdbfd
// 同步 ID: 6e257a05 @ Sun Jul 19 13:56:19 UTC 2026
// 重构日志: ed6bd0ff
// 重构日志: 4ac5fbd1
// 重构日志: 5b57501e
// 重构日志: 41135b24
// 重构日志: a47ac10f
// 重构日志: 1ad49489
// 重构日志: cab71229
// 同步 ID: 1a38c896 @ Thu Jul 23 04:29:42 UTC 2026
// 重构日志: b1a44b8b
// 重构日志: 41ec13d7
// 重构日志: 338a0430
// 重构日志: 94eb8035
// 同步 ID: 942f995a @ Sat Jul 25 11:11:14 UTC 2026
// 同步 ID: a9ab77b3 @ Sat Jul 25 15:49:20 UTC 2026
// 同步 ID: 8f589b3d @ Sun Jul 26 00:49:41 UTC 2026
